<?xml version="1.0" encoding="UTF-8"?>
<config xmlns="http://www.knime.org/2008/09/XMLConfig" xmlns:xsi="http://www.w3.org/2001/XMLSchema-instance" xsi:schemaLocation="http://www.knime.org/2008/09/XMLConfig http://www.knime.org/XMLConfig_2008_09.xsd" key="test">
    <config key="sortingCriteria">
        <config key="0">
            <config key="column">
                <entry key="selected" type="xstring" value="test1"/>
                <config key="compatibleTypes_Internals">
                    <entry key="array-size" type="xint" value="6"/>
                    <entry key="0" type="xstring" value="org.knime.core.data.DoubleValue"/>
                    <entry key="1" type="xstring" value="org.knime.core.data.DataValue"/>
                    <entry key="2" type="xstring" value="org.knime.core.data.ComplexNumberValue"/>
                    <entry key="3" type="xstring" value="org.knime.core.data.FuzzyNumberValue"/>
                    <entry key="4" type="xstring" value="org.knime.core.data.FuzzyIntervalValue"/>
                    <entry key="5" type="xstring" value="org.knime.core.data.BoundedValue"/>
                </config>
            </config>
            <entry key="sortingOrder" type="xstring" value="ASCENDING"/>
            <entry key="stringComparison" type="xstring" value="LEXICOGRAPHIC"/>
        </config>
    </config>
    <entry key="missingToEnd" type="xboolean" value="false"/>
    <entry key="sortinmemory" type="xboolean" value="false"/>
</config>
