<?xml version="1.0" encoding="UTF-8"?>
<config xmlns="http://www.knime.org/2008/09/XMLConfig" xmlns:xsi="http://www.w3.org/2001/XMLSchema-instance" xsi:schemaLocation="http://www.knime.org/2008/09/XMLConfig http://www.knime.org/XMLConfig_2008_09.xsd" key="test">
    <entry key="compositionMode" type="xstring" value="MATCH_ALL"/>
    <config key="matchingCriteria">
        <config key="0">
            <config key="leftTableColumnV2">
                <entry key="regularChoice" type="xstring" isnull="true" value=""/>
                <entry key="specialChoice_Internals" type="xstring" value="ROW_ID"/>
            </config>
            <config key="rightTableColumnV2">
                <entry key="regularChoice" type="xstring" isnull="true" value=""/>
                <entry key="specialChoice_Internals" type="xstring" value="ROW_ID"/>
            </config>
        </config>
    </config>
    <entry key="dataCellComparisonMode" type="xstring" value="STRICT"/>
    <entry key="includeMatchesInOutput" type="xboolean" value="true"/>
    <entry key="includeLeftUnmatchedInOutput" type="xboolean" value="false"/>
    <entry key="includeRightUnmatchedInOutput" type="xboolean" value="false"/>
    <config key="leftColumnSelectionConfigV2">
        <entry key="mode" type="xstring" value="MANUAL"/>
        <config key="patternFilter">
            <entry key="pattern" type="xstring" value=""/>
            <entry key="isCaseSensitive" type="xboolean" value="false"/>
            <entry key="isInverted" type="xboolean" value="false"/>
        </config>
        <config key="manualFilter">
            <config key="manuallySelected">
                <entry key="array-size" type="xint" value="0"/>
            </config>
            <config key="manuallyDeselected">
                <entry key="array-size" type="xint" value="0"/>
            </config>
            <entry key="includeUnknownColumns" type="xboolean" value="false"/>
        </config>
        <config key="typeFilter">
            <config key="selectedTypes">
                <entry key="array-size" type="xint" value="0"/>
            </config>
        </config>
    </config>
    <config key="rightColumnSelectionConfigV2">
        <entry key="mode" type="xstring" value="MANUAL"/>
        <config key="patternFilter">
            <entry key="pattern" type="xstring" value=""/>
            <entry key="isCaseSensitive" type="xboolean" value="false"/>
            <entry key="isInverted" type="xboolean" value="false"/>
        </config>
        <config key="manualFilter">
            <config key="manuallySelected">
                <entry key="array-size" type="xint" value="0"/>
            </config>
            <config key="manuallyDeselected">
                <entry key="array-size" type="xint" value="0"/>
            </config>
            <entry key="includeUnknownColumns" type="xboolean" value="false"/>
        </config>
        <config key="typeFilter">
            <config key="selectedTypes">
                <entry key="array-size" type="xint" value="0"/>
            </config>
        </config>
    </config>
    <entry key="mergeJoinColumns" type="xboolean" value="false"/>
    <entry key="duplicateHandling" type="xstring" value="APPEND_SUFFIX"/>
    <entry key="suffix" type="xstring" value=" (Right)"/>
    <entry key="outputUnmatchedRowsToSeparatePorts" type="xboolean" value="false"/>
    <entry key="rowKeyFactory" type="xstring" value="CONCATENATE"/>
    <entry key="rowKeySeparator" type="xstring" value="_"/>
    <entry key="outputRowOrder" type="xstring" value="ARBITRARY"/>
    <entry key="maxOpenFiles" type="xint" value="200"/>
    <entry key="enableHiliting" type="xboolean" value="false"/>
</config>
