{
  "data" : {
    "model" : {
      "dimensionSelectionMethod" : "FIXED_DIMENSIONS",
      "numberOfDimensions" : 2,
      "informationPreservation" : 100.0,
      "columnFilter" : {
        "mode" : "MANUAL",
        "patternFilter" : {
          "pattern" : "",
          "isCaseSensitive" : false,
          "isInverted" : false
        },
        "manualFilter" : {
          "manuallySelected" : [ "Universe_0_0", "Universe_0_1", "Universe_1_0", "Universe_1_1" ],
          "manuallyDeselected" : [ ],
          "includeUnknownColumns" : true
        },
        "typeFilter" : {
          "selectedTypes" : [ ],
          "typeDisplays" : [ ]
        }
      },
      "removeOriginalColumns" : false,
      "failOnMissings" : false
    }
  },
  "schema" : {
    "type" : "object",
    "properties" : {
      "model" : {
        "type" : "object",
        "properties" : {
          "columnFilter" : {
            "type" : "object",
            "properties" : {
              "manualFilter" : {
                "type" : "object",
                "properties" : {
                  "includeUnknownColumns" : {
                    "type" : "boolean",
                    "default" : false
                  },
                  "manuallyDeselected" : {
                    "type" : "array",
                    "items" : {
                      "type" : "string"
                    }
                  },
                  "manuallySelected" : {
                    "type" : "array",
                    "items" : {
                      "type" : "string"
                    }
                  }
                },
                "default" : {
                  "manuallySelected" : [ ],
                  "manuallyDeselected" : [ ],
                  "includeUnknownColumns" : false
                }
              },
              "mode" : {
                "oneOf" : [ {
                  "const" : "MANUAL",
                  "title" : "Manual"
                }, {
                  "const" : "REGEX",
                  "title" : "Regex"
                }, {
                  "const" : "WILDCARD",
                  "title" : "Wildcard"
                }, {
                  "const" : "TYPE",
                  "title" : "Type"
                } ],
                "default" : "MANUAL"
              },
              "patternFilter" : {
                "type" : "object",
                "properties" : {
                  "isCaseSensitive" : {
                    "type" : "boolean",
                    "default" : false
                  },
                  "isInverted" : {
                    "type" : "boolean",
                    "default" : false
                  },
                  "pattern" : {
                    "type" : "string",
                    "default" : ""
                  }
                },
                "default" : {
                  "pattern" : "",
                  "isCaseSensitive" : false,
                  "isInverted" : false
                }
              },
              "selected" : {
                "type" : "array",
                "items" : {
                  "type" : "string"
                }
              },
              "typeFilter" : {
                "type" : "object",
                "properties" : {
                  "selectedTypes" : {
                    "default" : [ ],
                    "type" : "array",
                    "items" : {
                      "type" : "string"
                    }
                  }
                },
                "default" : {
                  "selectedTypes" : [ ],
                  "typeDisplays" : [ ]
                }
              }
            },
            "title" : "Columns",
            "description" : "Select the columns that are included by the PCA, i.e the original features.",
            "default" : {
              "mode" : "MANUAL",
              "patternFilter" : {
                "pattern" : "",
                "isCaseSensitive" : false,
                "isInverted" : false
              },
              "manualFilter" : {
                "manuallySelected" : [ "Universe_0_0", "Universe_0_1", "Universe_1_0", "Universe_1_1" ],
                "manuallyDeselected" : [ ],
                "includeUnknownColumns" : true
              },
              "typeFilter" : {
                "selectedTypes" : [ ],
                "typeDisplays" : [ ]
              }
            }
          },
          "dimensionSelectionMethod" : {
            "oneOf" : [ {
              "const" : "FIXED_DIMENSIONS",
              "title" : "Dimension(s) to reduce to"
            }, {
              "const" : "INFORMATION_PRESERVATION",
              "title" : "Minimum information fraction"
            } ],
            "title" : "Target dimensions",
            "description" : "Select the number of dimensions the input data is projected to.\n<ul>\n<li><b>Dimension(s) to reduce to</b>: Select a fixed number of target dimensions. It must be lower than or equal to the number of input columns.</li>\n<li><b>Minimum information fraction</b>: Specify the minimal amount of information to be preserved.</li>\n</ul>",
            "default" : "FIXED_DIMENSIONS"
          },
          "failOnMissings" : {
            "type" : "boolean",
            "title" : "Fail if missing values are encountered",
            "description" : "If checked, execution fails, when the selected columns contain missing values. By default, rows\ncontaining missing values are ignored and not considered during the computation.\n",
            "default" : false
          },
          "informationPreservation" : {
            "type" : "number",
            "format" : "double",
            "title" : "Information preservation (%)",
            "description" : "The minimum percentage of information to preserve in the reduced dimensions.",
            "default" : 100.0
          },
          "numberOfDimensions" : {
            "type" : "integer",
            "format" : "int32",
            "title" : "Number of dimensions",
            "description" : "The number of dimensions to reduce the data to.",
            "default" : 2
          },
          "removeOriginalColumns" : {
            "type" : "boolean",
            "title" : "Remove original data columns",
            "description" : "If checked, the columns containing the input data are removed.",
            "default" : false
          }
        }
      }
    }
  },
  "ui_schema" : {
    "elements" : [ {
      "label" : "Target Dimensions",
      "type" : "Section",
      "elements" : [ {
        "type" : "Control",
        "scope" : "#/properties/model/properties/dimensionSelectionMethod",
        "options" : {
          "format" : "radio",
          "radioLayout" : "vertical"
        }
      }, {
        "type" : "Control",
        "scope" : "#/properties/model/properties/numberOfDimensions",
        "options" : {
          "validation" : {
            "max" : {
              "errorMessage" : "The value must not exceed 2147483647.",
              "parameters" : {
                "isExclusive" : false,
                "max" : 2.147483647E9
              }
            },
            "min" : {
              "errorMessage" : "The value must be at least 1.",
              "parameters" : {
                "isExclusive" : false,
                "min" : 1.0
              }
            }
          }
        },
        "providedOptions" : [ "validation.max" ],
        "rule" : {
          "effect" : "SHOW",
          "condition" : {
            "scope" : "#/properties/model/properties/dimensionSelectionMethod",
            "schema" : {
              "oneOf" : [ {
                "const" : "FIXED_DIMENSIONS"
              } ]
            }
          }
        }
      }, {
        "type" : "Control",
        "scope" : "#/properties/model/properties/informationPreservation",
        "options" : {
          "validation" : {
            "max" : {
              "errorMessage" : "The value must not exceed 100.",
              "parameters" : {
                "isExclusive" : false,
                "max" : 100.0
              }
            },
            "min" : {
              "errorMessage" : "The value must be greater than 0.",
              "parameters" : {
                "isExclusive" : true,
                "min" : 0.0
              }
            }
          }
        },
        "rule" : {
          "effect" : "SHOW",
          "condition" : {
            "scope" : "#/properties/model/properties/dimensionSelectionMethod",
            "schema" : {
              "oneOf" : [ {
                "const" : "INFORMATION_PRESERVATION"
              } ]
            }
          }
        }
      } ]
    }, {
      "label" : "Column Selection",
      "type" : "Section",
      "elements" : [ {
        "type" : "Control",
        "scope" : "#/properties/model/properties/columnFilter",
        "options" : {
          "format" : "typedStringFilter",
          "unknownValuesText" : "Any unknown column",
          "emptyStateLabel" : "No columns in this list.",
          "hideTypeFilter" : true
        },
        "providedOptions" : [ "possibleValues" ]
      } ]
    }, {
      "label" : "Options",
      "type" : "Section",
      "elements" : [ {
        "type" : "Control",
        "scope" : "#/properties/model/properties/removeOriginalColumns",
        "options" : {
          "format" : "checkbox"
        }
      }, {
        "type" : "Control",
        "scope" : "#/properties/model/properties/failOnMissings",
        "options" : {
          "format" : "checkbox"
        }
      } ]
    } ]
  },
  "persist" : {
    "type" : "object",
    "properties" : {
      "model" : {
        "type" : "object",
        "properties" : {
          "dimensionSelectionMethod" : {
            "configPaths" : [ [ "use_fixed_number_dimensions" ] ]
          },
          "numberOfDimensions" : {
            "configKey" : "number_of_dimensions"
          },
          "informationPreservation" : {
            "configKey" : "information_preservation"
          },
          "columnFilter" : {
            "configPaths" : [ [ "used_columns", "filter-type" ], [ "used_columns", "included_names" ], [ "used_columns", "excluded_names" ], [ "used_columns", "enforce_option" ], [ "used_columns", "name_pattern", "pattern" ], [ "used_columns", "name_pattern", "type" ], [ "used_columns", "name_pattern", "caseSensitive" ], [ "used_columns", "name_pattern", "excludeMatching" ] ]
          },
          "removeOriginalColumns" : {
            "configKey" : "remove_used_columns"
          },
          "failOnMissings" : {
            "configKey" : "fail_on_missings"
          }
        }
      }
    }
  },
  "initialUpdates" : [ {
    "scope" : "#/properties/model/properties/columnFilter",
    "providedOptionName" : "possibleValues",
    "values" : [ {
      "indices" : [ ],
      "value" : [ {
        "id" : "Universe_0_0",
        "text" : "Universe_0_0",
        "type" : {
          "id" : "org.knime.core.data.DoubleValue",
          "text" : "Number (Float)"
        }
      }, {
        "id" : "Universe_0_1",
        "text" : "Universe_0_1",
        "type" : {
          "id" : "org.knime.core.data.DoubleValue",
          "text" : "Number (Float)"
        }
      }, {
        "id" : "Universe_1_0",
        "text" : "Universe_1_0",
        "type" : {
          "id" : "org.knime.core.data.DoubleValue",
          "text" : "Number (Float)"
        }
      }, {
        "id" : "Universe_1_1",
        "text" : "Universe_1_1",
        "type" : {
          "id" : "org.knime.core.data.DoubleValue",
          "text" : "Number (Float)"
        }
      } ]
    } ]
  }, {
    "scope" : "#/properties/model/properties/numberOfDimensions",
    "providedOptionName" : "validation.max",
    "values" : [ {
      "indices" : [ ],
      "value" : {
        "parameters" : {
          "max" : 4.0,
          "isExclusive" : false
        },
        "errorMessage" : "Only 4 columns available."
      }
    } ]
  } ],
  "globalUpdates" : [ {
    "trigger" : {
      "scope" : "#/properties/model/properties/columnFilter"
    },
    "dependencies" : [ "#/properties/model/properties/columnFilter" ]
  } ]
}