{
  "data" : {
    "model" : {
      "filter" : {
        "mode" : "MANUAL",
        "patternFilter" : {
          "pattern" : "",
          "isCaseSensitive" : true,
          "isInverted" : false
        },
        "manualFilter" : {
          "manuallySelected" : [ "variable_1", "variable_2" ],
          "manuallyDeselected" : [ "knime.workspace" ],
          "includeUnknownColumns" : false
        },
        "typeFilter" : {
          "selectedTypes" : [ ],
          "typeDisplays" : [ ]
        }
      }
    }
  },
  "schema" : {
    "type" : "object",
    "properties" : {
      "model" : {
        "type" : "object",
        "properties" : {
          "filter" : {
            "type" : "object",
            "properties" : {
              "manualFilter" : {
                "type" : "object",
                "properties" : {
                  "includeUnknownColumns" : {
                    "type" : "boolean",
                    "default" : false
                  },
                  "manuallyDeselected" : {
                    "type" : "array",
                    "items" : {
                      "type" : "string"
                    }
                  },
                  "manuallySelected" : {
                    "type" : "array",
                    "items" : {
                      "type" : "string"
                    }
                  }
                },
                "default" : {
                  "manuallySelected" : [ ],
                  "manuallyDeselected" : [ ],
                  "includeUnknownColumns" : false
                }
              },
              "mode" : {
                "oneOf" : [ {
                  "const" : "MANUAL",
                  "title" : "Manual"
                }, {
                  "const" : "REGEX",
                  "title" : "Regex"
                }, {
                  "const" : "WILDCARD",
                  "title" : "Wildcard"
                }, {
                  "const" : "TYPE",
                  "title" : "Type"
                } ],
                "default" : "MANUAL"
              },
              "patternFilter" : {
                "type" : "object",
                "properties" : {
                  "isCaseSensitive" : {
                    "type" : "boolean",
                    "default" : false
                  },
                  "isInverted" : {
                    "type" : "boolean",
                    "default" : false
                  },
                  "pattern" : {
                    "type" : "string",
                    "default" : ""
                  }
                },
                "default" : {
                  "pattern" : "",
                  "isCaseSensitive" : false,
                  "isInverted" : false
                }
              },
              "selected" : {
                "type" : "array",
                "items" : {
                  "type" : "string"
                }
              },
              "typeFilter" : {
                "type" : "object",
                "properties" : {
                  "selectedTypes" : {
                    "default" : [ ],
                    "type" : "array",
                    "items" : {
                      "type" : "string"
                    }
                  }
                },
                "default" : {
                  "selectedTypes" : [ ],
                  "typeDisplays" : [ ]
                }
              }
            },
            "title" : "Output as rows",
            "description" : "Include list contains all variables that are converted into new columns in the resulting table, excluded variables are not used. All variables remain on the variable stack. Enforce exclusion and inclusion options can be used to force all new variables to be included or excluded, resp.\n",
            "default" : {
              "mode" : "MANUAL",
              "patternFilter" : {
                "pattern" : "",
                "isCaseSensitive" : false,
                "isInverted" : false
              },
              "manualFilter" : {
                "manuallySelected" : [ ],
                "manuallyDeselected" : [ ],
                "includeUnknownColumns" : false
              },
              "typeFilter" : {
                "selectedTypes" : [ ],
                "typeDisplays" : [ ]
              }
            }
          }
        }
      }
    }
  },
  "ui_schema" : {
    "elements" : [ {
      "type" : "Control",
      "scope" : "#/properties/model/properties/filter",
      "options" : {
        "format" : "typedStringFilter",
        "unknownValuesText" : "Any unknown variable",
        "emptyStateLabel" : "No variables in this list.",
        "choicesProvider" : "org.knime.base.node.flowvariable.converter.variabletocell.VariableToCellConverterFactory$ConvertibleFlowVariablesProvider"
      }
    } ]
  },
  "persist" : {
    "type" : "object",
    "properties" : {
      "model" : {
        "type" : "object",
        "properties" : {
          "filter" : {
            "type" : "object",
            "properties" : {
              "selected" : {
                "configPaths" : [ ]
              },
              "mode" : { },
              "patternFilter" : {
                "type" : "object",
                "properties" : {
                  "pattern" : { },
                  "isCaseSensitive" : { },
                  "isInverted" : { }
                }
              },
              "manualFilter" : {
                "type" : "object",
                "properties" : {
                  "manuallySelected" : { },
                  "manuallyDeselected" : { },
                  "includeUnknownColumns" : { }
                }
              },
              "typeFilter" : {
                "type" : "object",
                "properties" : {
                  "selectedTypes" : { }
                }
              }
            },
            "deprecatedConfigKeys" : [ {
              "deprecated" : [ [ "variable_filter" ] ]
            } ]
          }
        }
      }
    }
  },
  "initialUpdates" : [ {
    "scopes" : null,
    "id" : "org.knime.base.node.flowvariable.converter.variabletocell.VariableToCellConverterFactory$ConvertibleFlowVariablesProvider",
    "values" : [ {
      "indices" : [ ],
      "value" : [ {
        "id" : "knime.workspace",
        "text" : "knime.workspace",
        "type" : {
          "id" : "STRING",
          "text" : "StringType"
        }
      } ]
    } ]
  } ]
}