{
  "data" : {
    "model" : {
      "inclCols" : {
        "selected" : [ "test1" ],
        "mode" : "MANUAL",
        "patternFilter" : {
          "pattern" : "",
          "isCaseSensitive" : false,
          "isInverted" : false
        },
        "manualFilter" : {
          "manuallySelected" : [ "test1" ],
          "manuallyDeselected" : [ ],
          "includeUnknownColumns" : true
        },
        "typeFilter" : {
          "selectedTypes" : [ ],
          "typeDisplays" : [ ]
        }
      },
      "calctype" : "ROUND",
      "prodLong" : false
    }
  },
  "schema" : {
    "type" : "object",
    "properties" : {
      "model" : {
        "type" : "object",
        "properties" : {
          "calctype" : {
            "oneOf" : [ {
              "const" : "ROUND",
              "title" : "Round"
            }, {
              "const" : "FLOOR",
              "title" : "Floor"
            }, {
              "const" : "CEIL",
              "title" : "Ceil"
            } ],
            "title" : "Rounding type",
            "description" : "The type of rounding applied to the selected double cells. (Round: standard rounding, Floor: next smaller integer, Ceil: next bigger integer",
            "default" : "ROUND"
          },
          "inclCols" : {
            "type" : "object",
            "properties" : {
              "manualFilter" : {
                "type" : "object",
                "properties" : {
                  "includeUnknownColumns" : {
                    "type" : "boolean",
                    "default" : false
                  },
                  "manuallyDeselected" : {
                    "type" : "array",
                    "items" : {
                      "type" : "string"
                    }
                  },
                  "manuallySelected" : {
                    "type" : "array",
                    "items" : {
                      "type" : "string"
                    }
                  }
                },
                "default" : {
                  "manuallySelected" : [ ],
                  "manuallyDeselected" : [ ],
                  "includeUnknownColumns" : false
                }
              },
              "mode" : {
                "oneOf" : [ {
                  "const" : "MANUAL",
                  "title" : "Manual"
                }, {
                  "const" : "REGEX",
                  "title" : "Regex"
                }, {
                  "const" : "WILDCARD",
                  "title" : "Wildcard"
                }, {
                  "const" : "TYPE",
                  "title" : "Type"
                } ],
                "default" : "MANUAL"
              },
              "patternFilter" : {
                "type" : "object",
                "properties" : {
                  "isCaseSensitive" : {
                    "type" : "boolean",
                    "default" : false
                  },
                  "isInverted" : {
                    "type" : "boolean",
                    "default" : false
                  },
                  "pattern" : {
                    "type" : "string",
                    "default" : ""
                  }
                },
                "default" : {
                  "pattern" : "",
                  "isCaseSensitive" : false,
                  "isInverted" : false
                }
              },
              "selected" : {
                "default" : [ ],
                "type" : "array",
                "items" : {
                  "type" : "string"
                }
              },
              "typeFilter" : {
                "type" : "object",
                "properties" : {
                  "selectedTypes" : {
                    "default" : [ ],
                    "type" : "array",
                    "items" : {
                      "type" : "string"
                    }
                  },
                  "typeDisplays" : {
                    "default" : [ ],
                    "type" : "array",
                    "items" : {
                      "type" : "object",
                      "properties" : {
                        "id" : {
                          "type" : "string"
                        },
                        "text" : {
                          "type" : "string"
                        }
                      }
                    }
                  }
                },
                "default" : {
                  "selectedTypes" : [ ],
                  "typeDisplays" : [ ]
                }
              }
            },
            "title" : "Column Selection",
            "description" : "Move the columns of interest into the &quot;Includes&quot; list",
            "default" : {
              "selected" : [ "test1" ],
              "mode" : "MANUAL",
              "patternFilter" : {
                "pattern" : "",
                "isCaseSensitive" : false,
                "isInverted" : false
              },
              "manualFilter" : {
                "manuallySelected" : [ "test1" ],
                "manuallyDeselected" : [ ],
                "includeUnknownColumns" : true
              },
              "typeFilter" : {
                "selectedTypes" : [ ],
                "typeDisplays" : [ ]
              }
            }
          },
          "prodLong" : {
            "type" : "boolean",
            "title" : "Create long values",
            "description" : "Use this option to generate 64bit long values instead of 32bit integer values. This is useful if double values in the input are too big to fit into an integer.",
            "default" : false
          }
        }
      }
    }
  },
  "ui_schema" : {
    "elements" : [ {
      "label" : "Column Selection",
      "type" : "Section",
      "elements" : [ {
        "type" : "Control",
        "scope" : "#/properties/model/properties/inclCols",
        "options" : {
          "format" : "columnFilter",
          "possibleValues" : [ {
            "id" : "test1",
            "text" : "test1"
          } ],
          "showNoneColumn" : false,
          "showRowKeys" : false,
          "showSearch" : true,
          "showMode" : true
        }
      } ]
    }, {
      "label" : "Rounding Options",
      "type" : "Section",
      "elements" : [ {
        "type" : "Control",
        "scope" : "#/properties/model/properties/calctype",
        "options" : {
          "format" : "valueSwitch"
        }
      }, {
        "type" : "Control",
        "scope" : "#/properties/model/properties/prodLong",
        "options" : {
          "format" : "checkbox"
        }
      } ]
    } ]
  },
  "persist" : {
    "type" : "object",
    "properties" : {
      "model" : {
        "type" : "object",
        "properties" : {
          "inclCols" : {
            "configPaths" : [ [ "include", "filter-type" ], [ "include", "included_names" ], [ "include", "excluded_names" ], [ "include", "enforce_option" ], [ "include", "name_pattern", "pattern" ], [ "include", "name_pattern", "type" ], [ "include", "name_pattern", "caseSensitive" ], [ "include", "name_pattern", "excludeMatching" ] ]
          },
          "calctype" : {
            "configPaths" : [ [ "typeofround" ] ]
          },
          "prodLong" : {
            "configPaths" : [ [ "long" ] ]
          }
        }
      }
    }
  }
}