{
  "data" : {
    "model" : {
      "loops" : 10
    }
  },
  "schema" : {
    "type" : "object",
    "properties" : {
      "model" : {
        "type" : "object",
        "properties" : {
          "loops" : {
            "type" : "integer",
            "format" : "int32",
            "title" : "Number of loops",
            "description" : "The number of times the inner workflow should be executed.",
            "default" : 10
          }
        }
      }
    }
  },
  "ui_schema" : {
    "elements" : [ {
      "type" : "Control",
      "scope" : "#/properties/model/properties/loops",
      "options" : {
        "validations" : [ {
          "id" : "min",
          "parameters" : {
            "min" : 1.0,
            "isExclusive" : false
          },
          "errorMessage" : "The value must be at least 1."
        }, {
          "id" : "max",
          "parameters" : {
            "max" : 2.147483647E9,
            "isExclusive" : false
          },
          "errorMessage" : "The value must not exceed 2147483647."
        } ]
      }
    } ]
  },
  "persist" : {
    "type" : "object",
    "properties" : {
      "model" : {
        "type" : "object",
        "properties" : {
          "loops" : { }
        }
      }
    }
  }
}