{
  "data" : {
    "model" : {
      "order" : [ "Column 1", "Column 2" ]
    }
  },
  "schema" : {
    "type" : "object",
    "properties" : {
      "model" : {
        "type" : "object",
        "properties" : {
          "order" : {
            "type" : "array",
            "items" : {
              "type" : "string"
            },
            "title" : "Columns",
            "description" : "The names of the columns from the input file to be resorted.<br/><br/>You can either select the columns and move their position up or down, using the up and down arrows, or sort them alphabetically from first to last (A-Z) or from last to first (Z-A). You can also reset all to the order of the input table. ",
            "default" : [ ]
          }
        }
      }
    }
  },
  "ui_schema" : {
    "elements" : [ {
      "type" : "Control",
      "scope" : "#/properties/model/properties/order",
      "options" : {
        "format" : "sortList"
      },
      "providedOptions" : [ "possibleValues" ]
    } ]
  },
  "persist" : {
    "type" : "object",
    "properties" : {
      "model" : {
        "type" : "object",
        "properties" : {
          "order" : {
            "configKey" : "ColumnOrder"
          }
        }
      }
    }
  },
  "initialUpdates" : [ {
    "scope" : "#/properties/model/properties/order",
    "providedOptionName" : "possibleValues",
    "values" : [ {
      "indices" : [ ],
      "value" : [ {
        "id" : "Column 1",
        "text" : "Column 1",
        "type" : {
          "id" : "org.knime.core.data.StringValue",
          "text" : "String"
        }
      }, {
        "id" : "Column 2",
        "text" : "Column 2",
        "type" : {
          "id" : "org.knime.core.data.DoubleValue",
          "text" : "Number (Float)"
        }
      } ]
    } ]
  } ]
}