{
  "data" : {
    "model" : {
      "columnFilter" : {
        "selected" : [ "test1", "test2" ],
        "mode" : "MANUAL",
        "patternFilter" : {
          "pattern" : "",
          "isCaseSensitive" : false,
          "isInverted" : false
        },
        "manualFilter" : {
          "manuallySelected" : [ "test1", "test2" ],
          "manuallyDeselected" : [ ],
          "includeUnknownColumns" : true
        },
        "typeFilter" : {
          "selectedTypes" : [ ],
          "typeDisplays" : [ ]
        }
      },
      "alreadySorted" : "NO"
    }
  },
  "schema" : {
    "type" : "object",
    "properties" : {
      "model" : {
        "type" : "object",
        "properties" : {
          "alreadySorted" : {
            "oneOf" : [ {
              "const" : "NO",
              "title" : "Automatically sort data"
            }, {
              "const" : "YES",
              "title" : "Keep input data order"
            } ],
            "title" : "Sorting option",
            "description" : "Enhance performance by selecting 'Keep input data order' if your data is\nalready sorted by the group columns. Be cautious: if the input is not properly sorted, the node\nwill fail. If you want to make sure that this node executes, do not choose this option.\n",
            "default" : "NO",
            "configKeys" : [ "SortedInput" ]
          },
          "columnFilter" : {
            "type" : "object",
            "properties" : {
              "manualFilter" : {
                "type" : "object",
                "properties" : {
                  "includeUnknownColumns" : {
                    "type" : "boolean",
                    "default" : false
                  },
                  "manuallyDeselected" : {
                    "type" : "array",
                    "items" : {
                      "type" : "string"
                    }
                  },
                  "manuallySelected" : {
                    "type" : "array",
                    "items" : {
                      "type" : "string"
                    }
                  }
                },
                "default" : {
                  "manuallySelected" : [ ],
                  "manuallyDeselected" : [ ],
                  "includeUnknownColumns" : false
                }
              },
              "mode" : {
                "oneOf" : [ {
                  "const" : "MANUAL",
                  "title" : "Manual"
                }, {
                  "const" : "REGEX",
                  "title" : "Regex"
                }, {
                  "const" : "WILDCARD",
                  "title" : "Wildcard"
                }, {
                  "const" : "TYPE",
                  "title" : "Type"
                } ],
                "default" : "MANUAL"
              },
              "patternFilter" : {
                "type" : "object",
                "properties" : {
                  "isCaseSensitive" : {
                    "type" : "boolean",
                    "default" : false
                  },
                  "isInverted" : {
                    "type" : "boolean",
                    "default" : false
                  },
                  "pattern" : {
                    "type" : "string",
                    "default" : ""
                  }
                },
                "default" : {
                  "pattern" : "",
                  "isCaseSensitive" : false,
                  "isInverted" : false
                }
              },
              "selected" : {
                "default" : [ ],
                "configKeys" : [ "selected_Internals" ],
                "type" : "array",
                "items" : {
                  "type" : "string"
                }
              },
              "typeFilter" : {
                "type" : "object",
                "properties" : {
                  "selectedTypes" : {
                    "default" : [ ],
                    "type" : "array",
                    "items" : {
                      "type" : "string"
                    }
                  },
                  "typeDisplays" : {
                    "default" : [ ],
                    "subConfigKeys" : [ ],
                    "type" : "array",
                    "items" : {
                      "type" : "object",
                      "properties" : {
                        "id" : {
                          "type" : "string"
                        },
                        "text" : {
                          "type" : "string"
                        }
                      }
                    }
                  }
                },
                "default" : {
                  "selectedTypes" : [ ],
                  "typeDisplays" : [ ]
                }
              }
            },
            "title" : "Category columns",
            "description" : "The columns used to identify the groups.",
            "default" : {
              "selected" : [ "test1", "test2" ],
              "mode" : "MANUAL",
              "patternFilter" : {
                "pattern" : "",
                "isCaseSensitive" : false,
                "isInverted" : false
              },
              "manualFilter" : {
                "manuallySelected" : [ "test1", "test2" ],
                "manuallyDeselected" : [ ],
                "includeUnknownColumns" : true
              },
              "typeFilter" : {
                "selectedTypes" : [ ],
                "typeDisplays" : [ ]
              }
            },
            "configKeys" : [ "GroupColNames.filter-type", "GroupColNames.included_names", "GroupColNames.excluded_names", "GroupColNames.enforce_option", "GroupColNames.name_pattern.pattern", "GroupColNames.name_pattern.type", "GroupColNames.name_pattern.caseSensitive", "GroupColNames.name_pattern.excludeMatching" ],
            "subConfigKeys" : [ ]
          }
        }
      }
    }
  },
  "ui_schema" : {
    "elements" : [ {
      "type" : "Control",
      "scope" : "#/properties/model/properties/columnFilter",
      "options" : {
        "format" : "columnFilter",
        "possibleValues" : [ {
          "id" : "test1",
          "text" : "test1",
          "type" : {
            "id" : "org.knime.core.data.IntValue",
            "text" : "Number (integer)"
          },
          "compatibleTypes" : [ "org.knime.core.data.IntValue", "org.knime.core.data.DataValue", "org.knime.core.data.LongValue", "org.knime.core.data.DoubleValue", "org.knime.core.data.ComplexNumberValue", "org.knime.core.data.FuzzyNumberValue", "org.knime.core.data.FuzzyIntervalValue", "org.knime.core.data.BoundedValue" ]
        }, {
          "id" : "test2",
          "text" : "test2",
          "type" : {
            "id" : "org.knime.core.data.StringValue",
            "text" : "String"
          },
          "compatibleTypes" : [ "org.knime.core.data.StringValue", "org.knime.core.data.DataValue", "org.knime.core.data.NominalValue" ]
        } ],
        "showNoneColumn" : false,
        "showRowKeys" : false,
        "showSearch" : true,
        "showMode" : true
      }
    }, {
      "type" : "Control",
      "scope" : "#/properties/model/properties/alreadySorted",
      "options" : {
        "isAdvanced" : true,
        "format" : "radio",
        "radioLayout" : "vertical"
      }
    } ]
  }
}