{
  "data" : {
    "model" : {
      "primaryColumn" : "test2",
      "secondaryColumn" : "test2",
      "outputPlacement" : "ReplaceBoth",
      "outputName" : "NewColumn",
      "doNotAllowBlankOrPaddedColumnName" : true
    }
  },
  "schema" : {
    "type" : "object",
    "properties" : {
      "model" : {
        "type" : "object",
        "properties" : {
          "doNotAllowBlankOrPaddedColumnName" : {
            "type" : "boolean",
            "default" : true
          },
          "outputName" : {
            "type" : "string",
            "title" : "New column name",
            "description" : "The name for the new column.",
            "default" : "NewColumn"
          },
          "outputPlacement" : {
            "oneOf" : [ {
              "const" : "ReplaceBoth",
              "title" : "Replace primary and delete secondary"
            }, {
              "const" : "ReplacePrimary",
              "title" : "Replace primary"
            }, {
              "const" : "ReplaceSecondary",
              "title" : "Replace secondary"
            }, {
              "const" : "AppendAsNewColumn",
              "title" : "Append as new column"
            } ],
            "title" : "Replace/append columns",
            "description" : "Choose where to put the result column:<ul><li><b>Replace primary and delete secondary</b>: Replace the primary column with the merge result and remove the secondary column.</li><li><b>Replace primary</b>: Replace the primary column with the merge result and keep the secondary column.</li><li><b>Replace secondary</b>: Keep the primary column and replace the secondary column with the merge result.</li><li><b>Append as new column</b>: Append a new column with the name provided below.</li></ul>",
            "default" : "ReplaceBoth"
          },
          "primaryColumn" : {
            "type" : "string",
            "title" : "Primary column",
            "description" : "The column with the value that will be used, unless it is missing.",
            "default" : "test2"
          },
          "secondaryColumn" : {
            "type" : "string",
            "title" : "Secondary column",
            "description" : "The column with the value that will be used if it is missing in the primary column.",
            "default" : "test2"
          }
        }
      }
    }
  },
  "ui_schema" : {
    "elements" : [ {
      "type" : "Control",
      "scope" : "#/properties/model/properties/primaryColumn",
      "options" : {
        "format" : "dropDown"
      },
      "providedOptions" : [ "possibleValues" ]
    }, {
      "type" : "Control",
      "scope" : "#/properties/model/properties/secondaryColumn",
      "options" : {
        "format" : "dropDown"
      },
      "providedOptions" : [ "possibleValues" ]
    }, {
      "type" : "Control",
      "scope" : "#/properties/model/properties/outputPlacement",
      "options" : {
        "format" : "radio",
        "radioLayout" : "vertical"
      }
    }, {
      "type" : "Control",
      "scope" : "#/properties/model/properties/outputName",
      "options" : {
        "validation" : {
          "pattern" : {
            "errorMessage" : "The string must start and end with a non-whitespace character.",
            "parameters" : {
              "pattern" : "\\S(.*\\S)?"
            }
          }
        }
      },
      "rule" : {
        "effect" : "SHOW",
        "condition" : {
          "scope" : "#/properties/model/properties/outputPlacement",
          "schema" : {
            "oneOf" : [ {
              "const" : "AppendAsNewColumn"
            } ]
          }
        }
      }
    } ]
  },
  "persist" : {
    "type" : "object",
    "properties" : {
      "model" : {
        "type" : "object",
        "properties" : {
          "primaryColumn" : { },
          "secondaryColumn" : { },
          "outputPlacement" : {
            "configPaths" : [ [ "outputPlacement" ] ]
          },
          "outputName" : { },
          "doNotAllowBlankOrPaddedColumnName" : {
            "configPaths" : [ ]
          }
        }
      }
    }
  },
  "initialUpdates" : [ {
    "scope" : "#/properties/model/properties/primaryColumn",
    "providedOptionName" : "possibleValues",
    "values" : [ {
      "indices" : [ ],
      "value" : [ {
        "id" : "test1",
        "text" : "test1",
        "type" : {
          "id" : "org.knime.core.data.DoubleValue",
          "text" : "Number (Float)"
        }
      }, {
        "id" : "test2",
        "text" : "test2",
        "type" : {
          "id" : "org.knime.core.data.StringValue",
          "text" : "String"
        }
      } ]
    } ]
  }, {
    "scope" : "#/properties/model/properties/secondaryColumn",
    "providedOptionName" : "possibleValues",
    "values" : [ {
      "indices" : [ ],
      "value" : [ {
        "id" : "test1",
        "text" : "test1",
        "type" : {
          "id" : "org.knime.core.data.DoubleValue",
          "text" : "Number (Float)"
        }
      }, {
        "id" : "test2",
        "text" : "test2",
        "type" : {
          "id" : "org.knime.core.data.StringValue",
          "text" : "String"
        }
      } ]
    } ]
  } ]
}