<?xml version="1.0" encoding="UTF-8"?>
<config xmlns="http://www.knime.org/2008/09/XMLConfig" xmlns:xsi="http://www.w3.org/2001/XMLSchema-instance" xsi:schemaLocation="http://www.knime.org/2008/09/XMLConfig http://www.knime.org/XMLConfig_2008_09.xsd" key="test">
    <entry key="compare_entirely" type="xboolean" value="false"/>
    <config key="column_filter">
        <entry key="filter-type" type="xstring" value="STANDARD"/>
        <config key="included_names">
            <entry key="array-size" type="xint" value="2"/>
            <entry key="0" type="xstring" value="Column1"/>
            <entry key="1" type="xstring" value="Column2"/>
        </config>
        <config key="excluded_names">
            <entry key="array-size" type="xint" value="1"/>
            <entry key="0" type="xstring" value="Column3"/>
        </config>
        <entry key="enforce_option" type="xstring" value="EnforceExclusion"/>
        <config key="name_pattern">
            <entry key="pattern" type="xstring" value=""/>
            <entry key="caseSensitive" type="xboolean" value="false"/>
            <entry key="excludeMatching" type="xboolean" value="false"/>
            <entry key="type" type="xstring" value="Wildcard"/>
        </config>
        <config key="datatype">
            <config key="typelist"/>
        </config>
    </config>
    <entry key="failure_mode" type="xstring" value="DIFFERENT_VALUES"/>
</config>
