<?xml version="1.0" encoding="UTF-8"?>
<config xmlns="http://www.knime.org/2008/09/XMLConfig" xmlns:xsi="http://www.w3.org/2001/XMLSchema-instance" xsi:schemaLocation="http://www.knime.org/2008/09/XMLConfig http://www.knime.org/XMLConfig_2008_09.xsd" key="test">
    <config key="selectedColumns">
        <entry key="mode" type="xstring" value="MANUAL"/>
        <config key="patternFilter">
            <entry key="pattern" type="xstring" value=""/>
            <entry key="isCaseSensitive" type="xboolean" value="false"/>
            <entry key="isInverted" type="xboolean" value="false"/>
        </config>
        <config key="manualFilter">
            <config key="manuallySelected">
                <entry key="array-size" type="xint" value="0"/>
            </config>
            <config key="manuallyDeselected">
                <entry key="array-size" type="xint" value="0"/>
            </config>
            <entry key="includeUnknownColumns" type="xboolean" value="true"/>
        </config>
        <config key="typeFilter">
            <config key="selectedTypes">
                <entry key="array-size" type="xint" value="0"/>
            </config>
        </config>
    </config>
    <entry key="binningType" type="xstring" value="EQUAL_FREQUENCY"/>
    <entry key="numberOfBins" type="xint" value="20"/>
    <config key="customCutoffs">
        <config key="0">
            <entry key="cutoff" type="xdouble" value="0.0"/>
            <entry key="matchType" type="xstring" value="TO_LOWER_BIN"/>
        </config>
    </config>
    <config key="customQuantiles">
        <config key="0">
            <entry key="quantile" type="xdouble" value="0.0"/>
            <entry key="matchType" type="xstring" value="TO_LOWER_BIN"/>
        </config>
    </config>
    <entry key="enforceIntegerCutoffs" type="xboolean" value="false"/>
    <entry key="fixedLowerBound_is_present" type="xboolean" value="true"/>
    <entry key="fixedLowerBound" type="xdouble" value="1.1"/>
    <entry key="fixedUpperBound_is_present" type="xboolean" value="false"/>
    <entry key="fixedUpperBound" type="xdouble" value="0.0"/>
    <entry key="binNames" type="xstring" value="BORDERS"/>
    <entry key="prefix" type="xstring" value="Bin "/>
    <entry key="lowerOutlierValue" type="xstring" value="small"/>
    <entry key="upperOutlierValue" type="xstring" value="Upper outlier"/>
    <entry key="replaceOrAppend" type="xstring" value="APPEND"/>
    <entry key="suffix" type="xstring" value="_disc"/>
</config>
