<?xml version="1.0" encoding="UTF-8"?>
<config xmlns="http://www.knime.org/2008/09/XMLConfig" xmlns:xsi="http://www.w3.org/2001/XMLSchema-instance" xsi:schemaLocation="http://www.knime.org/2008/09/XMLConfig http://www.knime.org/XMLConfig_2008_09.xsd" key="test">
    <config key="newColumnSettings">
        <config key="0">
            <entry key="replaceOrAppend" type="xstring" value="APPEND"/>
            <entry key="columnNameToAppend" type="xstring" value="New column 1"/>
            <entry key="columnNameToReplace" type="xstring" value="column1"/>
            <config key="type">
                <entry key="cell_class" type="xstring" value="org.knime.core.data.def.LongCell"/>
                <entry key="is_null" type="xboolean" value="false"/>
            </config>
            <entry key="customOrMissingValue" type="xstring" value="CUSTOM"/>
            <entry key="value" type="xstring" value="xyz"/>
        </config>
    </config>
</config>
