<?xml version="1.0" encoding="UTF-8"?>
<config xmlns="http://www.knime.org/2008/09/XMLConfig" xmlns:xsi="http://www.w3.org/2001/XMLSchema-instance" xsi:schemaLocation="http://www.knime.org/2008/09/XMLConfig http://www.knime.org/XMLConfig_2008_09.xsd" key="test">
    <entry key="patternType" type="xstring" value="REGEX"/>
    <entry key="enableEscapingWildcard" type="xboolean" value="false"/>
    <entry key="caseSensitivity" type="xstring" value="CASESENSITIVE"/>
    <entry key="searchString" type="xstring" value="(\s)"/>
    <entry key="replaceString" type="xstring" value="something$1"/>
    <entry key="replacementStrategy" type="xstring" value="ALL_OCCURRENCES"/>
    <entry key="properlySupportUnicodeCharacters" type="xboolean" value="false"/>
</config>
