{
  "data" : {
    "model" : {
      "nominalValueSelection" : {
        "mode" : "MANUAL",
        "patternFilter" : {
          "pattern" : "",
          "isCaseSensitive" : false,
          "isInverted" : false
        },
        "manualFilter" : {
          "manuallySelected" : [ ],
          "manuallyDeselected" : [ ],
          "includeUnknownColumns" : false
        }
      },
      "missingValueHandling" : "EXCLUDE"
    }
  },
  "schema" : {
    "type" : "object",
    "properties" : {
      "model" : {
        "type" : "object",
        "properties" : {
          "missingValueHandling" : {
            "oneOf" : [ {
              "const" : "EXCLUDE",
              "title" : "Exclude"
            }, {
              "const" : "INCLUDE",
              "title" : "Include"
            } ],
            "title" : "If value is missing",
            "description" : "Defines how missing values are handled.\n<ul>\n<li><b>Exclude</b>: Missing values are excluded from the output table.</li>\n<li><b>Include</b>: Missing values are included in the output table.</li>\n</ul>",
            "default" : "EXCLUDE"
          },
          "nominalValueSelection" : {
            "type" : "object",
            "properties" : {
              "manualFilter" : {
                "type" : "object",
                "properties" : {
                  "includeUnknownColumns" : {
                    "type" : "boolean",
                    "default" : false
                  },
                  "manuallyDeselected" : {
                    "type" : "array",
                    "items" : {
                      "type" : "string"
                    }
                  },
                  "manuallySelected" : {
                    "type" : "array",
                    "items" : {
                      "type" : "string"
                    }
                  }
                },
                "default" : {
                  "manuallySelected" : [ ],
                  "manuallyDeselected" : [ ],
                  "includeUnknownColumns" : false
                }
              },
              "mode" : {
                "oneOf" : [ {
                  "const" : "MANUAL",
                  "title" : "Manual"
                }, {
                  "const" : "REGEX",
                  "title" : "Regex"
                }, {
                  "const" : "WILDCARD",
                  "title" : "Wildcard"
                } ],
                "default" : "MANUAL"
              },
              "patternFilter" : {
                "type" : "object",
                "properties" : {
                  "isCaseSensitive" : {
                    "type" : "boolean",
                    "default" : false
                  },
                  "isInverted" : {
                    "type" : "boolean",
                    "default" : false
                  },
                  "pattern" : {
                    "type" : "string",
                    "default" : ""
                  }
                },
                "default" : {
                  "pattern" : "",
                  "isCaseSensitive" : false,
                  "isInverted" : false
                }
              }
            },
            "title" : "Values",
            "description" : "Select the nominal values to be included in the output table, by moving them from left (excluded) to right (included).\n",
            "default" : {
              "mode" : "MANUAL",
              "patternFilter" : {
                "pattern" : "",
                "isCaseSensitive" : false,
                "isInverted" : false
              },
              "manualFilter" : {
                "manuallySelected" : [ "0", "1", "2", "3", "4", "5", "6", "7", "8", "9", "10", "11", "12", "13", "14", "15", "16", "17", "18", "19" ],
                "manuallyDeselected" : [ ],
                "includeUnknownColumns" : false
              }
            }
          },
          "selectedColumn" : {
            "type" : "string",
            "title" : "Filter column",
            "description" : "Select the column containing the nominal values to be filtered.",
            "default" : "Test"
          }
        }
      }
    }
  },
  "ui_schema" : {
    "elements" : [ {
      "type" : "Control",
      "scope" : "#/properties/model/properties/selectedColumn",
      "options" : {
        "choicesProvider" : "org.knime.base.node.preproc.filter.nominal.NominalValueRowCommonSettings$SettingsUtils$NominalColumnWithDomainChoicesProider",
        "format" : "dropDown"
      }
    }, {
      "type" : "Control",
      "scope" : "#/properties/model/properties/nominalValueSelection",
      "options" : {
        "format" : "nameFilter",
        "choicesProvider" : "org.knime.base.node.preproc.filter.nominal.NominalValueRowCommonSettings$SettingsUtils$SelectedColumnDomainChoicesStateProviderOnInitAndDepChange"
      }
    }, {
      "type" : "Control",
      "scope" : "#/properties/model/properties/missingValueHandling",
      "options" : {
        "format" : "valueSwitch"
      }
    } ]
  },
  "persist" : {
    "type" : "object",
    "properties" : {
      "model" : {
        "type" : "object",
        "properties" : {
          "selectedColumn" : {
            "configKey" : "selected_column"
          },
          "nominalValueSelection" : {
            "configPaths" : [ [ "filter config", "filter-type" ], [ "filter config", "included_names" ], [ "filter config", "excluded_names" ], [ "filter config", "enforce_option" ], [ "filter config", "name_pattern", "pattern" ], [ "filter config", "name_pattern", "type" ], [ "filter config", "name_pattern", "caseSensitive" ], [ "filter config", "name_pattern", "excludeMatching" ] ],
            "deprecatedConfigKeys" : [ {
              "deprecated" : [ [ "selected attributes" ] ]
            } ]
          },
          "missingValueHandling" : {
            "deprecatedConfigKeys" : [ {
              "deprecated" : [ [ "filter config", "include_missing" ] ]
            }, {
              "deprecated" : [ ]
            } ]
          }
        }
      }
    }
  },
  "initialUpdates" : [ {
    "scopes" : null,
    "id" : "org.knime.base.node.preproc.filter.nominal.NominalValueRowCommonSettings$SettingsUtils$NominalColumnWithDomainChoicesProider",
    "values" : [ {
      "indices" : [ ],
      "value" : [ {
        "id" : "Test",
        "text" : "Test",
        "type" : {
          "id" : "org.knime.core.data.StringValue",
          "text" : "String"
        }
      } ]
    } ]
  } ],
  "globalUpdates" : [ {
    "trigger" : {
      "id" : "after-open-dialog",
      "triggerInitially" : true
    },
    "dependencies" : [ {
      "scopes" : [ "#/properties/model/properties/selectedColumn" ],
      "id" : "org.knime.base.node.preproc.filter.nominal.NominalValueRowCommonSettings$SettingsUtils$SelectedColumnDependency"
    } ]
  }, {
    "trigger" : {
      "id" : "org.knime.base.node.preproc.filter.nominal.NominalValueRowCommonSettings$SettingsUtils$SelectedColumnDependency",
      "scopes" : [ "#/properties/model/properties/selectedColumn" ]
    },
    "dependencies" : [ {
      "scopes" : [ "#/properties/model/properties/nominalValueSelection" ],
      "id" : "org.knime.base.node.preproc.filter.nominal.NominalValueRowCommonSettings$SettingsUtils$NominalValueSelectionDependency"
    }, {
      "scopes" : [ "#/properties/model/properties/selectedColumn" ],
      "id" : "org.knime.base.node.preproc.filter.nominal.NominalValueRowCommonSettings$SettingsUtils$SelectedColumnDependency"
    } ]
  } ]
}