<?xml version="1.0" encoding="UTF-8"?>
<config xmlns="http://www.knime.org/2008/09/XMLConfig" xmlns:xsi="http://www.w3.org/2001/XMLSchema-instance" xsi:schemaLocation="http://www.knime.org/2008/09/XMLConfig http://www.knime.org/XMLConfig_2008_09.xsd" key="test">
    <config key="sortingCriteria">
        <config key="0">
            <config key="columnV2">
                <entry key="regularChoice" type="xstring" value="column1"/>
                <entry key="specialChoice_Internals" type="xstring" isnull="true" value=""/>
            </config>
            <entry key="sortingOrder" type="xstring" value="ASCENDING"/>
            <entry key="stringComparison" type="xstring" value="LEXICOGRAPHIC"/>
        </config>
    </config>
    <config key="categoryColumns">
        <entry key="mode" type="xstring" value="MANUAL"/>
        <config key="patternFilter">
            <entry key="pattern" type="xstring" value=""/>
            <entry key="isCaseSensitive" type="xboolean" value="false"/>
            <entry key="isInverted" type="xboolean" value="false"/>
        </config>
        <config key="manualFilter">
            <config key="manuallySelected">
                <entry key="array-size" type="xint" value="0"/>
            </config>
            <config key="manuallyDeselected">
                <entry key="array-size" type="xint" value="0"/>
            </config>
            <entry key="includeUnknownColumns" type="xboolean" value="false"/>
        </config>
        <config key="typeFilter">
            <config key="selectedTypes">
                <entry key="array-size" type="xint" value="0"/>
            </config>
        </config>
    </config>
    <entry key="rankMode" type="xstring" value="STANDARD"/>
    <entry key="RankOutFieldName" type="xstring" value="rank"/>
    <entry key="rankDataType" type="xstring" value="INTEGER"/>
    <entry key="missingToEnd" type="xboolean" value="false"/>
    <entry key="rowOrder" type="xstring" value="RANK"/>
</config>
