{
  "data" : {
    "model" : {
      "dataColumn" : {
        "specialChoice" : "ROW_ID"
      },
      "referenceColumn" : {
        "specialChoice" : "ROW_ID"
      },
      "updateDomains" : false
    }
  },
  "schema" : {
    "type" : "object",
    "properties" : {
      "model" : {
        "type" : "object",
        "properties" : {
          "dataColumn" : {
            "type" : "object",
            "properties" : {
              "regularChoice" : {
                "type" : "string"
              },
              "specialChoice" : {
                "oneOf" : [ {
                  "const" : "ROW_ID",
                  "title" : "RowID"
                } ]
              }
            },
            "title" : "Data column (in first input)",
            "description" : "The column from the table to be split that should be used for comparison.",
            "default" : {
              "specialChoice" : "ROW_ID"
            }
          },
          "referenceColumn" : {
            "type" : "object",
            "properties" : {
              "regularChoice" : {
                "type" : "string"
              },
              "specialChoice" : {
                "oneOf" : [ {
                  "const" : "ROW_ID",
                  "title" : "RowID"
                } ]
              }
            },
            "title" : "Reference column (in second input)",
            "description" : "The column from the filter table that should be used for comparison.",
            "default" : {
              "specialChoice" : "ROW_ID"
            }
          },
          "updateDomains" : {
            "type" : "boolean",
            "title" : "Update domains of all columns",
            "description" : "Advanced setting to enable recomputation of the domains of all columns in the output table such that the domains' bounds exactly match the bounds of the data in the output table.",
            "default" : false
          }
        }
      }
    }
  },
  "ui_schema" : {
    "elements" : [ {
      "type" : "Control",
      "scope" : "#/properties/model/properties/dataColumn",
      "options" : {
        "format" : "singleSelection",
        "specialChoices" : [ {
          "id" : "ROW_ID",
          "text" : "RowID"
        } ]
      },
      "providedOptions" : [ "possibleValues" ]
    }, {
      "type" : "Control",
      "scope" : "#/properties/model/properties/referenceColumn",
      "options" : {
        "format" : "singleSelection",
        "specialChoices" : [ {
          "id" : "ROW_ID",
          "text" : "RowID"
        } ]
      },
      "providedOptions" : [ "possibleValues" ]
    }, {
      "type" : "Control",
      "scope" : "#/properties/model/properties/updateDomains",
      "options" : {
        "format" : "checkbox",
        "isAdvanced" : true
      }
    } ]
  },
  "persist" : {
    "type" : "object",
    "properties" : {
      "model" : {
        "type" : "object",
        "properties" : {
          "dataColumn" : {
            "type" : "object",
            "properties" : {
              "regularChoice" : { },
              "specialChoice" : {
                "configPaths" : [ ]
              }
            },
            "configKey" : "dataTableColumnV2",
            "deprecatedConfigKeys" : [ {
              "deprecated" : [ [ "dataTableColumn" ] ]
            }, {
              "deprecated" : [ ]
            } ]
          },
          "referenceColumn" : {
            "type" : "object",
            "properties" : {
              "regularChoice" : { },
              "specialChoice" : {
                "configPaths" : [ ]
              }
            },
            "configKey" : "referenceTableColumnV2",
            "deprecatedConfigKeys" : [ {
              "deprecated" : [ [ "referenceTableColumn" ] ]
            }, {
              "deprecated" : [ ]
            } ]
          },
          "updateDomains" : { }
        }
      }
    }
  },
  "initialUpdates" : [ {
    "scope" : "#/properties/model/properties/dataColumn",
    "providedOptionName" : "possibleValues",
    "values" : [ {
      "indices" : [ ],
      "value" : [ {
        "id" : "A",
        "text" : "A",
        "type" : {
          "id" : "org.knime.core.data.IntValue",
          "text" : "Number (Integer)"
        }
      }, {
        "id" : "B",
        "text" : "B",
        "type" : {
          "id" : "org.knime.core.data.IntValue",
          "text" : "Number (Integer)"
        }
      } ]
    } ]
  }, {
    "scope" : "#/properties/model/properties/referenceColumn",
    "providedOptionName" : "possibleValues",
    "values" : [ {
      "indices" : [ ],
      "value" : [ {
        "id" : "C",
        "text" : "C",
        "type" : {
          "id" : "org.knime.core.data.IntValue",
          "text" : "Number (Integer)"
        }
      } ]
    } ]
  } ]
}