{
  "data" : {
    "model" : {
      "columnMode" : "BY_NAME",
      "columnName" : "test2",
      "columnNumber" : 2,
      "rowNumber" : 1,
      "countFromEnd" : false,
      "flowVariableName" : "knime.workspace"
    }
  },
  "schema" : {
    "type" : "object",
    "properties" : {
      "model" : {
        "type" : "object",
        "properties" : {
          "columnMode" : {
            "oneOf" : [ {
              "const" : "BY_NAME",
              "title" : "Name"
            }, {
              "const" : "BY_NUMBER",
              "title" : "Number"
            } ],
            "title" : "Column specification",
            "description" : "Select whether to specify the column by name or by number.",
            "default" : "BY_NAME"
          },
          "columnName" : {
            "type" : "string",
            "title" : "Column name",
            "description" : "Select the column that contains the target cell.",
            "default" : "test2"
          },
          "columnNumber" : {
            "type" : "integer",
            "format" : "int32",
            "title" : "Column number",
            "description" : "Provide the number of the column that contains the target cell.",
            "default" : 2
          },
          "countFromEnd" : {
            "type" : "boolean",
            "title" : "Count rows from the end of the table",
            "description" : "If selected, the rows will be counted from the end of the table.",
            "default" : false
          },
          "flowVariableName" : {
            "type" : "string",
            "title" : "New cell value",
            "description" : "Select the flow variable containing the new cell value.",
            "default" : "knime.workspace"
          },
          "rowNumber" : {
            "type" : "integer",
            "format" : "int32",
            "title" : "Row number",
            "description" : "Provide the number of the row that contains the target cell.",
            "default" : 1
          }
        }
      }
    }
  },
  "ui_schema" : {
    "elements" : [ {
      "type" : "Control",
      "scope" : "#/properties/model/properties/columnMode",
      "options" : {
        "format" : "valueSwitch"
      }
    }, {
      "type" : "Control",
      "scope" : "#/properties/model/properties/columnName",
      "options" : {
        "choicesProvider" : "org.knime.base.node.preproc.table.cellupdater.CellUpdaterSettings$AllColumns",
        "format" : "dropDown"
      },
      "rule" : {
        "effect" : "SHOW",
        "condition" : {
          "scope" : "#/properties/model/properties/columnMode",
          "schema" : {
            "oneOf" : [ {
              "const" : "BY_NAME"
            } ]
          }
        }
      }
    }, {
      "type" : "Control",
      "scope" : "#/properties/model/properties/columnNumber",
      "options" : {
        "validations" : [ {
          "id" : "min",
          "parameters" : {
            "min" : 1.0,
            "isExclusive" : false
          },
          "errorMessage" : "The value must be at least 1."
        } ]
      },
      "rule" : {
        "effect" : "HIDE",
        "condition" : {
          "scope" : "#/properties/model/properties/columnMode",
          "schema" : {
            "oneOf" : [ {
              "const" : "BY_NAME"
            } ]
          }
        }
      }
    }, {
      "type" : "Control",
      "scope" : "#/properties/model/properties/rowNumber",
      "options" : {
        "validations" : [ {
          "id" : "min",
          "parameters" : {
            "min" : 1.0,
            "isExclusive" : false
          },
          "errorMessage" : "The value must be at least 1."
        } ]
      }
    }, {
      "type" : "Control",
      "scope" : "#/properties/model/properties/countFromEnd",
      "options" : {
        "format" : "checkbox"
      }
    }, {
      "type" : "Control",
      "scope" : "#/properties/model/properties/flowVariableName",
      "options" : {
        "choicesProvider" : "org.knime.base.node.preproc.table.cellupdater.CellUpdaterSettings$AllVariables",
        "format" : "dropDown"
      }
    } ]
  },
  "persist" : {
    "type" : "object",
    "properties" : {
      "model" : {
        "type" : "object",
        "properties" : {
          "columnMode" : { },
          "columnName" : { },
          "columnNumber" : { },
          "rowNumber" : { },
          "countFromEnd" : { },
          "flowVariableName" : { }
        }
      }
    }
  },
  "initialUpdates" : [ {
    "scopes" : null,
    "id" : "org.knime.base.node.preproc.table.cellupdater.CellUpdaterSettings$AllColumns",
    "values" : [ {
      "indices" : [ ],
      "value" : [ {
        "id" : "test1",
        "text" : "test1",
        "type" : {
          "id" : "org.knime.core.data.DoubleValue",
          "text" : "Number (Floating Decimal)"
        }
      }, {
        "id" : "test2",
        "text" : "test2",
        "type" : {
          "id" : "org.knime.core.data.StringValue",
          "text" : "String"
        }
      } ]
    } ]
  }, {
    "scopes" : null,
    "id" : "org.knime.base.node.preproc.table.cellupdater.CellUpdaterSettings$AllVariables",
    "values" : [ {
      "indices" : [ ],
      "value" : [ {
        "id" : "knime.workspace",
        "text" : "knime.workspace"
      } ]
    } ]
  } ]
}