<?xml version="1.0" encoding="UTF-8"?>
<config xmlns="http://www.knime.org/2008/09/XMLConfig" xmlns:xsi="http://www.w3.org/2001/XMLSchema-instance" xsi:schemaLocation="http://www.knime.org/2008/09/XMLConfig http://www.knime.org/XMLConfig_2008_09.xsd" key="test">
    <config key="timestampColumns">
        <entry key="mode" type="xstring" value="MANUAL"/>
        <config key="patternFilter">
            <entry key="pattern" type="xstring" value=""/>
            <entry key="isCaseSensitive" type="xboolean" value="false"/>
            <entry key="isInverted" type="xboolean" value="false"/>
        </config>
        <config key="manualFilter">
            <config key="manuallySelected">
                <entry key="array-size" type="xint" value="1"/>
                <entry key="0" type="xstring" value="IntCol"/>
            </config>
            <config key="manuallyDeselected">
                <entry key="array-size" type="xint" value="1"/>
                <entry key="0" type="xstring" value="LongCol"/>
            </config>
            <entry key="includeUnknownColumns" type="xboolean" value="true"/>
        </config>
        <config key="typeFilter">
            <config key="selectedTypes">
                <entry key="array-size" type="xint" value="1"/>
                <entry key="0" type="xstring" value="org.knime.core.data.IntValue"/>
            </config>
        </config>
    </config>
    <entry key="granularity" type="xstring" value="MICROSECONDS"/>
    <entry key="outputType" type="xstring" value="LOCAL_DATE_TIME"/>
    <entry key="timeZone" type="xstring" value="Europe/Berlin"/>
    <entry key="appendOrReplace" type="xstring" value="APPEND"/>
    <entry key="outputColumnSuffix" type="xstring" value=" (Date)"/>
</config>
