{
  "data" : {
    "model" : {
      "columnFilter" : {
        "selected" : [ "localDateTest", "localDateTimeTest", "zonedDateTimeTest" ],
        "mode" : "MANUAL",
        "patternFilter" : {
          "pattern" : "",
          "isCaseSensitive" : false,
          "isInverted" : false
        },
        "manualFilter" : {
          "manuallySelected" : [ "localDateTest", "localDateTimeTest", "zonedDateTimeTest" ],
          "manuallyDeselected" : [ ],
          "includeUnknownColumns" : false
        },
        "typeFilter" : {
          "selectedTypes" : [ ],
          "typeDisplays" : [ ]
        }
      },
      "dateRoundingStrategy" : "FIRST",
      "dayOrWeekDay" : "DAY",
      "shiftMode" : "THIS",
      "dateRoundingPrecision" : "MONTH",
      "replaceOrAppend" : "REPLACE",
      "outputColumnSuffix" : " (Rounded)"
    }
  },
  "schema" : {
    "type" : "object",
    "properties" : {
      "model" : {
        "type" : "object",
        "properties" : {
          "columnFilter" : {
            "type" : "object",
            "properties" : {
              "manualFilter" : {
                "type" : "object",
                "properties" : {
                  "includeUnknownColumns" : {
                    "type" : "boolean",
                    "default" : false
                  },
                  "manuallyDeselected" : {
                    "type" : "array",
                    "items" : {
                      "type" : "string"
                    }
                  },
                  "manuallySelected" : {
                    "type" : "array",
                    "items" : {
                      "type" : "string"
                    }
                  }
                },
                "default" : {
                  "manuallySelected" : [ ],
                  "manuallyDeselected" : [ ],
                  "includeUnknownColumns" : false
                }
              },
              "mode" : {
                "oneOf" : [ {
                  "const" : "MANUAL",
                  "title" : "Manual"
                }, {
                  "const" : "REGEX",
                  "title" : "Regex"
                }, {
                  "const" : "WILDCARD",
                  "title" : "Wildcard"
                }, {
                  "const" : "TYPE",
                  "title" : "Type"
                } ],
                "default" : "MANUAL"
              },
              "patternFilter" : {
                "type" : "object",
                "properties" : {
                  "isCaseSensitive" : {
                    "type" : "boolean",
                    "default" : false
                  },
                  "isInverted" : {
                    "type" : "boolean",
                    "default" : false
                  },
                  "pattern" : {
                    "type" : "string",
                    "default" : ""
                  }
                },
                "default" : {
                  "pattern" : "",
                  "isCaseSensitive" : false,
                  "isInverted" : false
                }
              },
              "selected" : {
                "default" : [ ],
                "type" : "array",
                "items" : {
                  "type" : "string"
                }
              },
              "typeFilter" : {
                "type" : "object",
                "properties" : {
                  "selectedTypes" : {
                    "default" : [ ],
                    "type" : "array",
                    "items" : {
                      "type" : "string"
                    }
                  }
                },
                "default" : {
                  "selectedTypes" : [ ],
                  "typeDisplays" : [ ]
                }
              }
            },
            "title" : "Date&time columns",
            "description" : "The date&amp;time columns whose values are shifted.",
            "default" : {
              "selected" : [ "localDateTest", "localDateTimeTest", "zonedDateTimeTest" ],
              "mode" : "MANUAL",
              "patternFilter" : {
                "pattern" : "",
                "isCaseSensitive" : false,
                "isInverted" : false
              },
              "manualFilter" : {
                "manuallySelected" : [ "localDateTest", "localDateTimeTest", "zonedDateTimeTest" ],
                "manuallyDeselected" : [ ],
                "includeUnknownColumns" : false
              },
              "typeFilter" : {
                "selectedTypes" : [ ],
                "typeDisplays" : [ ]
              }
            }
          },
          "dateRoundingPrecision" : {
            "oneOf" : [ {
              "const" : "DECADE",
              "title" : "Decade"
            }, {
              "const" : "YEAR",
              "title" : "Year"
            }, {
              "const" : "QUARTER",
              "title" : "Quarter"
            }, {
              "const" : "MONTH",
              "title" : "Month"
            }, {
              "const" : "WEEK",
              "title" : "Week"
            } ],
            "title" : "Rounding precision",
            "description" : "The rounding precision. The date will be rounded to the first or last value of the chosen precision.\n",
            "default" : "MONTH"
          },
          "dateRoundingStrategy" : {
            "oneOf" : [ {
              "const" : "FIRST",
              "title" : "First"
            }, {
              "const" : "LAST",
              "title" : "Last"
            } ],
            "title" : "Round to",
            "description" : "The rounding strategy to apply, either round to the first or last value of the chosen rounding precision.\n",
            "default" : "FIRST"
          },
          "dayOrWeekDay" : {
            "oneOf" : [ {
              "const" : "DAY",
              "title" : "Day"
            }, {
              "const" : "WEEKDAY",
              "title" : "Weekday"
            } ],
            "title" : "Exclude weekends",
            "description" : "Option to exclude weekends from the rounding. A weekend is defined as Saturday and Sunday.\n",
            "default" : "DAY"
          },
          "outputColumnSuffix" : {
            "type" : "string",
            "title" : "Output column suffix",
            "description" : "The suffix to append to the column names of the new columns.",
            "default" : " (Rounded)"
          },
          "replaceOrAppend" : {
            "oneOf" : [ {
              "const" : "REPLACE",
              "title" : "Replace"
            }, {
              "const" : "APPEND",
              "title" : "Append with suffix"
            } ],
            "title" : "Output columns",
            "description" : "Depending on this setting, the output columns will either replace the modified columns, or be appended to the table with a suffix.\n\n<ul>\n<li><b>Replace</b>: Replaces the selected columns by the new columns.</li>\n<li><b>Append with suffix</b>: Appends the selected columns to the input table with a new name that is the previous name plus the provided suffix.\n</li>\n</ul>",
            "default" : "REPLACE"
          },
          "shiftMode" : {
            "oneOf" : [ {
              "const" : "PREVIOUS",
              "title" : "Previous"
            }, {
              "const" : "THIS",
              "title" : "This"
            }, {
              "const" : "NEXT",
              "title" : "Next"
            } ],
            "title" : "Additional shift",
            "description" : "Option to shift the date to the previous or next date in the chosen resolution.\n\n<ul>\n<li><b>Previous</b>: Shifts to the previous value. 12.12.24 rounded to the first day of the 'previous' month will result in 1.11.24.</li>\n<li><b>This</b>: Shifts to the this value, i.e., no shift at all.</li>\n<li><b>Next</b>: Shifts to the next value. 12.12.24 rounded to the first day of the 'next' month will result in 1.1.25.</li>\n</ul>",
            "default" : "THIS"
          }
        }
      }
    }
  },
  "ui_schema" : {
    "elements" : [ {
      "type" : "Control",
      "scope" : "#/properties/model/properties/columnFilter",
      "options" : {
        "format" : "typedNameFilter",
        "unknownValuesText" : "Any unknown column",
        "emptyStateLabel" : "No columns in this list.",
        "choicesProvider" : "org.knime.time.util.DateTimeUtils$DateColumnProvider"
      }
    }, {
      "type" : "HorizontalLayout",
      "elements" : [ {
        "type" : "Control",
        "scope" : "#/properties/model/properties/dateRoundingStrategy"
      }, {
        "type" : "Control",
        "scope" : "#/properties/model/properties/dayOrWeekDay",
        "label" : ""
      } ]
    }, {
      "type" : "HorizontalLayout",
      "elements" : [ {
        "type" : "Control",
        "scope" : "#/properties/model/properties/shiftMode",
        "label" : "of"
      }, {
        "type" : "Control",
        "scope" : "#/properties/model/properties/dateRoundingPrecision",
        "label" : ""
      } ]
    }, {
      "type" : "Control",
      "scope" : "#/properties/model/properties/replaceOrAppend",
      "options" : {
        "format" : "valueSwitch"
      }
    }, {
      "type" : "Control",
      "scope" : "#/properties/model/properties/outputColumnSuffix",
      "rule" : {
        "effect" : "SHOW",
        "condition" : {
          "scope" : "#/properties/model/properties/replaceOrAppend",
          "schema" : {
            "oneOf" : [ {
              "const" : "APPEND"
            } ]
          }
        }
      }
    } ]
  },
  "persist" : {
    "type" : "object",
    "properties" : {
      "model" : {
        "type" : "object",
        "properties" : {
          "columnFilter" : {
            "type" : "object",
            "properties" : {
              "selected" : {
                "configPaths" : [ ]
              },
              "mode" : { },
              "patternFilter" : {
                "type" : "object",
                "properties" : {
                  "pattern" : { },
                  "isCaseSensitive" : { },
                  "isInverted" : { }
                }
              },
              "manualFilter" : {
                "type" : "object",
                "properties" : {
                  "manuallySelected" : { },
                  "manuallyDeselected" : { },
                  "includeUnknownColumns" : { }
                }
              },
              "typeFilter" : {
                "type" : "object",
                "properties" : {
                  "selectedTypes" : { }
                }
              }
            }
          },
          "dateRoundingStrategy" : { },
          "dayOrWeekDay" : { },
          "shiftMode" : { },
          "dateRoundingPrecision" : { },
          "replaceOrAppend" : { },
          "outputColumnSuffix" : { }
        }
      }
    }
  },
  "initialUpdates" : [ {
    "scopes" : null,
    "id" : "org.knime.time.util.DateTimeUtils$DateColumnProvider",
    "values" : [ {
      "indices" : [ ],
      "value" : [ {
        "id" : "localDateTest",
        "text" : "localDateTest",
        "type" : {
          "id" : "org.knime.core.data.time.localdate.LocalDateValue",
          "text" : "Date"
        }
      }, {
        "id" : "localDateTimeTest",
        "text" : "localDateTimeTest",
        "type" : {
          "id" : "org.knime.core.data.time.localdatetime.LocalDateTimeValue",
          "text" : "Date&time (Local)"
        }
      }, {
        "id" : "zonedDateTimeTest",
        "text" : "zonedDateTimeTest",
        "type" : {
          "id" : "org.knime.core.data.time.zoneddatetime.ZonedDateTimeValue",
          "text" : "Date&time (Zoned)"
        }
      } ]
    } ]
  } ]
}