{
  "data" : {
    "model" : {
      "behaviourType" : "SET",
      "timeZone" : "Europe/Berlin",
      "columnFilter" : {
        "mode" : "MANUAL",
        "patternFilter" : {
          "pattern" : "",
          "isCaseSensitive" : false,
          "isInverted" : false
        },
        "manualFilter" : {
          "manuallySelected" : [ ],
          "manuallyDeselected" : [ ],
          "includeUnknownColumns" : false
        },
        "typeFilter" : {
          "selectedTypes" : [ ],
          "typeDisplays" : [ ]
        }
      },
      "appendOrReplace" : "REPLACE",
      "outputColumnSuffix" : " (Modified time zone)"
    }
  },
  "schema" : {
    "type" : "object",
    "properties" : {
      "model" : {
        "type" : "object",
        "properties" : {
          "appendOrReplace" : {
            "oneOf" : [ {
              "const" : "REPLACE",
              "title" : "Replace"
            }, {
              "const" : "APPEND",
              "title" : "Append with suffix"
            } ],
            "title" : "Output columns",
            "description" : "Depending on this setting, the output columns will either replace the modified columns, or be appended to the table with a suffix.\n\n<ul>\n<li><b>Replace</b>: Replaces the selected columns by the new columns.</li>\n<li><b>Append with suffix</b>: Appends the selected columns to the input table with a new name that is the previous name plus the provided suffix.\n</li>\n</ul>",
            "default" : "REPLACE"
          },
          "behaviourType" : {
            "oneOf" : [ {
              "const" : "SET",
              "title" : "Set"
            }, {
              "const" : "SHIFT",
              "title" : "Shift"
            }, {
              "const" : "REMOVE",
              "title" : "Remove"
            } ],
            "title" : "Modification",
            "description" : "Defines the action to be performed on the selected columns.\n<ul>\n<li><b>Set</b>: Changes the time zone of a date&amp;time column, leaving the wall time unchanged.\n</li>\n<li><b>Shift</b>: Changes the time zone of a date&amp;time column, changing the wall time so it refers to the same instant. Both, the nominal date and time may change.\n</li>\n<li><b>Remove</b>: Removes time zone information from zoned date&amp;time columns.</li>\n</ul>",
            "default" : "SET"
          },
          "columnFilter" : {
            "type" : "object",
            "properties" : {
              "manualFilter" : {
                "type" : "object",
                "properties" : {
                  "includeUnknownColumns" : {
                    "type" : "boolean",
                    "default" : false
                  },
                  "manuallyDeselected" : {
                    "type" : "array",
                    "items" : {
                      "type" : "string"
                    }
                  },
                  "manuallySelected" : {
                    "type" : "array",
                    "items" : {
                      "type" : "string"
                    }
                  }
                },
                "default" : {
                  "manuallySelected" : [ ],
                  "manuallyDeselected" : [ ],
                  "includeUnknownColumns" : false
                }
              },
              "mode" : {
                "oneOf" : [ {
                  "const" : "MANUAL",
                  "title" : "Manual"
                }, {
                  "const" : "REGEX",
                  "title" : "Regex"
                }, {
                  "const" : "WILDCARD",
                  "title" : "Wildcard"
                }, {
                  "const" : "TYPE",
                  "title" : "Type"
                } ],
                "default" : "MANUAL"
              },
              "patternFilter" : {
                "type" : "object",
                "properties" : {
                  "isCaseSensitive" : {
                    "type" : "boolean",
                    "default" : false
                  },
                  "isInverted" : {
                    "type" : "boolean",
                    "default" : false
                  },
                  "pattern" : {
                    "type" : "string",
                    "default" : ""
                  }
                },
                "default" : {
                  "pattern" : "",
                  "isCaseSensitive" : false,
                  "isInverted" : false
                }
              },
              "selected" : {
                "type" : "array",
                "items" : {
                  "type" : "string"
                }
              },
              "typeFilter" : {
                "type" : "object",
                "properties" : {
                  "selectedTypes" : {
                    "default" : [ ],
                    "type" : "array",
                    "items" : {
                      "type" : "string"
                    }
                  }
                },
                "default" : {
                  "selectedTypes" : [ ],
                  "typeDisplays" : [ ]
                }
              }
            },
            "title" : "Date&time columns",
            "description" : "The date&amp;time columns whose values to modify.",
            "default" : {
              "mode" : "MANUAL",
              "patternFilter" : {
                "pattern" : "",
                "isCaseSensitive" : false,
                "isInverted" : false
              },
              "manualFilter" : {
                "manuallySelected" : [ "localDateTimeTest", "zonedDateTimeTest" ],
                "manuallyDeselected" : [ ],
                "includeUnknownColumns" : false
              },
              "typeFilter" : {
                "selectedTypes" : [ ],
                "typeDisplays" : [ ]
              }
            }
          },
          "outputColumnSuffix" : {
            "type" : "string",
            "title" : "Output column suffix",
            "description" : "The suffix to append to the column names of the new columns.",
            "default" : " (Modified time zone)"
          },
          "timeZone" : {
            "type" : "string",
            "title" : "Time zone",
            "description" : "The time zone to use when modifying the date&amp;time.",
            "default" : "Europe/Berlin"
          }
        }
      }
    }
  },
  "ui_schema" : {
    "elements" : [ {
      "type" : "Control",
      "scope" : "#/properties/model/properties/behaviourType",
      "options" : {
        "format" : "valueSwitch"
      }
    }, {
      "type" : "Control",
      "scope" : "#/properties/model/properties/timeZone",
      "options" : {
        "format" : "dropDown",
        "possibleValues" : [ {
            "id" : "America/New_York",
            "text" : "America/New_York"
          }, {
            "id" : "Asia/Karachi",
            "text" : "Asia/Karachi"
          }, {
            "id" : "Europe/Berlin",
            "text" : "Europe/Berlin"
          }, {
            "id" : "UTC",
            "text" : "UTC"
          } ]
      },
      "rule" : {
        "effect" : "HIDE",
        "condition" : {
          "scope" : "#/properties/model/properties/behaviourType",
          "schema" : {
            "oneOf" : [ {
              "const" : "REMOVE"
            } ]
          }
        }
      }
    }, {
      "type" : "Control",
      "scope" : "#/properties/model/properties/columnFilter",
      "options" : {
        "format" : "typedStringFilter",
        "unknownValuesText" : "Any unknown column",
        "emptyStateLabel" : "No columns in this list."
      },
      "providedOptions" : [ "possibleValues" ]
    }, {
      "type" : "Control",
      "scope" : "#/properties/model/properties/appendOrReplace",
      "options" : {
        "format" : "valueSwitch"
      }
    }, {
      "type" : "Control",
      "scope" : "#/properties/model/properties/outputColumnSuffix",
      "rule" : {
        "effect" : "SHOW",
        "condition" : {
          "scope" : "#/properties/model/properties/appendOrReplace",
          "schema" : {
            "oneOf" : [ {
              "const" : "APPEND"
            } ]
          }
        }
      }
    } ]
  },
  "persist" : {
    "type" : "object",
    "properties" : {
      "model" : {
        "type" : "object",
        "properties" : {
          "behaviourType" : { },
          "timeZone" : { },
          "columnFilter" : {
            "type" : "object",
            "properties" : {
              "selected" : {
                "configPaths" : [ ]
              },
              "mode" : { },
              "patternFilter" : {
                "type" : "object",
                "properties" : {
                  "pattern" : { },
                  "isCaseSensitive" : { },
                  "isInverted" : { }
                }
              },
              "manualFilter" : {
                "type" : "object",
                "properties" : {
                  "manuallySelected" : { },
                  "manuallyDeselected" : { },
                  "includeUnknownColumns" : { }
                }
              },
              "typeFilter" : {
                "type" : "object",
                "properties" : {
                  "selectedTypes" : { }
                }
              }
            }
          },
          "appendOrReplace" : { },
          "outputColumnSuffix" : { }
        }
      }
    }
  },
  "initialUpdates" : [ {
    "scope" : "#/properties/model/properties/columnFilter",
    "providedOptionName" : "possibleValues",
    "values" : [ {
      "indices" : [ ],
      "value" : [ {
        "id" : "localDateTimeTest",
        "text" : "localDateTimeTest",
        "type" : {
          "id" : "org.knime.core.data.time.localdatetime.LocalDateTimeValue",
          "text" : "Date&time (Local)"
        }
      }, {
        "id" : "zonedDateTimeTest",
        "text" : "zonedDateTimeTest",
        "type" : {
          "id" : "org.knime.core.data.time.zoneddatetime.ZonedDateTimeValue",
          "text" : "Date&time (Zoned)"
        }
      } ]
    } ]
  } ],
  "globalUpdates" : [ {
    "trigger" : {
      "scope" : "#/properties/model/properties/behaviourType"
    },
    "dependencies" : [ "#/properties/model/properties/behaviourType" ]
  } ]
}